// Jest Snapshot v1, https://goo.gl/fbAQLP

exports[`should render correctly 1`] = `
<div class="user-container owner">
  <div class="user-container__base-info">
    <!---->
    <div class="user-container__base-info__avatar" style="background: rgb(88, 185, 255);">
      <h1 class="user-container__base-info__avatar__letter">T</h1>
    </div>
    <div class="user-container__base-info__name-area">
      <p class="user-container__base-info__name-area__user-name">testShortName</p>
      <p class="user-container__base-info__name-area__owner-status">Project Owner</p>
    </div>
  </div>
  <p class="user-container__date">8/9/2019</p>
  <p class="user-container__user-email">test@example.com</p>
</div>
`;

exports[`should render correctly with item row highlighted 1`] = `
<div class="user-container owner">
  <div class="user-container__base-info">
    <!---->
    <div class="user-container__base-info__avatar" style="background: rgb(88, 185, 255);">
      <h1 class="user-container__base-info__avatar__letter">T</h1>
    </div>
    <div class="user-container__base-info__name-area">
      <p class="user-container__base-info__name-area__user-name">testShortName</p>
      <p class="user-container__base-info__name-area__owner-status">Project Owner</p>
    </div>
  </div>
  <p class="user-container__date">8/9/2019</p>
  <p class="user-container__user-email">test@example.com</p>
</div>
`;
