// Jest Snapshot v1, https://goo.gl/fbAQLP

exports[` should render correctly 1`] = `<table-item-stub selectdisabled="true" selectable="true" tabletype="none" item="[object Object]" onclick="[Function]" class="owner"></table-item-stub>`;

exports[` should render correctly with item row highlighted 1`] = `<table-item-stub selectdisabled="true" selected="true" selectable="true" tabletype="none" item="[object Object]" onclick="[Function]" class="owner"></table-item-stub>`;
