// Jest Snapshot v1, https://goo.gl/fbAQLP

exports[`UsageChargeItem renders correctly 1`] = `
<div class="usage-charge-item-container">
  <div class="usage-charge-item-container__summary">
    <div class="usage-charge-item-container__summary__name-container"><svg width="8" height="14" viewBox="0 0 8 14" fill="none" xmlns="http://www.w3.org/2000/svg" class="usage-charge-item-container__summary__name-container__expand-image">
        <path fill-rule="evenodd" clip-rule="evenodd" d="M0.328889 13.6272C-0.10963 13.1302 -0.10963 12.3243 0.328889 11.8273L4.58792 7L0.328889 2.17268C-0.10963 1.67565 -0.10963 0.869804 0.328889 0.372774C0.767408 -0.124258 1.47839 -0.124258 1.91691 0.372774L7.76396 7L1.91691 13.6272C1.47839 14.1243 0.767409 14.1243 0.328889 13.6272Z" fill="#2683FF"></path>
      </svg>
      <!----> <span></span></div>
  </div>
  <!---->
</div>
`;

exports[`UsageChargeItem toggling dropdown works correctly 1`] = `
<div class="usage-charge-item-container">
  <div class="usage-charge-item-container__summary">
    <div class="usage-charge-item-container__summary__name-container">
      <!----> <svg width="14" height="8" viewBox="0 0 14 8" fill="none" xmlns="http://www.w3.org/2000/svg" class="usage-charge-item-container__summary__name-container__expand-image">
        <path fill-rule="evenodd" clip-rule="evenodd" d="M0.372773 0.338888C0.869804 -0.112963 1.67565 -0.112963 2.17268 0.338888L7 4.72741L11.8273 0.338888C12.3243 -0.112963 13.1302 -0.112963 13.6272 0.338888C14.1243 0.790739 14.1243 1.52333 13.6272 1.97519L7 8L0.372773 1.97519C-0.124258 1.52333 -0.124258 0.790739 0.372773 0.338888Z" fill="#2683FF"></path>
      </svg> <span></span></div>
  </div>
  <div class="usage-charge-item-container__detailed-info-container">
    <div class="usage-charge-item-container__detailed-info-container__info-header"><span class="resource-header">RESOURCE</span> <span class="period-header">PERIOD</span> <span class="usage-header">USAGE</span> <span class="cost-header">COST</span></div>
    <div class="usage-charge-item-container__detailed-info-container__content-area">
      <div class="usage-charge-item-container__detailed-info-container__content-area__resource-container">
        <p>Storage ($0.010 per Gigabyte-Month)</p>
        <p>Egress ($0.045 per GB)</p>
        <p>Objects ($0.0000022 per Object-Month)</p>
      </div>
      <div class="usage-charge-item-container__detailed-info-container__content-area__period-container">
        <p>Feb 1 - Feb 1</p>
        <p>Feb 1 - Feb 1</p>
        <p>Feb 1 - Feb 1</p>
      </div>
      <div class="usage-charge-item-container__detailed-info-container__content-area__usage-container">
        <p>0.00 Gigabyte-month</p>
        <p>0.10 KB</p>
        <p>0.14 Object-month</p>
      </div>
      <div class="usage-charge-item-container__detailed-info-container__content-area__cost-container">
        <p class="price">USD $1.00</p>
        <p class="price">USD $1.00</p>
        <p class="price">USD $1.00</p>
      </div>
    </div> <span class="usage-charge-item-container__detailed-info-container__summary">USD $3.00</span>
  </div>
</div>
`;

exports[`UsageChargeItem toggling dropdown works correctly 2`] = `
<div class="usage-charge-item-container">
  <div class="usage-charge-item-container__summary">
    <div class="usage-charge-item-container__summary__name-container"><svg width="8" height="14" viewBox="0 0 8 14" fill="none" xmlns="http://www.w3.org/2000/svg" class="usage-charge-item-container__summary__name-container__expand-image">
        <path fill-rule="evenodd" clip-rule="evenodd" d="M0.328889 13.6272C-0.10963 13.1302 -0.10963 12.3243 0.328889 11.8273L4.58792 7L0.328889 2.17268C-0.10963 1.67565 -0.10963 0.869804 0.328889 0.372774C0.767408 -0.124258 1.47839 -0.124258 1.91691 0.372774L7.76396 7L1.91691 13.6272C1.47839 14.1243 0.767409 14.1243 0.328889 13.6272Z" fill="#2683FF"></path>
      </svg>
      <!----> <span></span></div>
  </div>
  <!---->
</div>
`;
