// Jest Snapshot v1, https://goo.gl/fbAQLP

exports[`ProjectCreationSuccessPopup.vue closes correctly 1`] = ``;

exports[`ProjectCreationSuccessPopup.vue renders correctly 1`] = `
<div class="project-creation-success-popup-container">
  <div id="successfulProjectCreationPopup" class="project-creation-success-popup">
    <div class="project-creation-success-popup__info-panel-container">
      <projectcreationsuccessicon-stub></projectcreationsuccessicon-stub>
      <p class="project-creation-success-popup__info-panel-container__title">Project Created!</p>
    </div>
    <div class="project-creation-success-popup__form-container">
      <h2 class="project-creation-success-popup__form-container__main-label-text">Congrats!</h2>
      <p class="project-creation-success-popup__form-container__confirmation-text">You just created your project. Next, we recommend you create your first API Key for this project. API Keys allow developers to manage their projects and build applications on top of the Storj network through our
        <a href="https://documentation.tardigrade.io/api-reference/uplink-cli" target="_blank" rel="noopener noreferrer" class="project-creation-success-popup__form-container__confirmation-text__link">Uplink CLI.</a></p>
      <div class="project-creation-success-popup__form-container__button-container">
        <vbutton-stub label="I will do it later" width="214px" height="50px" iswhite="true" onpress="function () { [native code] }"></vbutton-stub>
        <vbutton-stub label="Create an API Key" width="214px" height="50px" onpress="function () { [native code] }"></vbutton-stub>
      </div>
    </div>
    <div class="project-creation-success-popup__close-cross-container">
      <closecrossicon-stub></closecrossicon-stub>
    </div>
  </div>
</div>
`;
