// Jest Snapshot v1, https://goo.gl/fbAQLP

exports[`Dashboard renders correctly when data is loaded 1`] = `
<div class="dashboard">
  <!---->
  <div class="dashboard__wrap">
    <!---->
    <paidtierbar-stub openaddpmmodal="[Function]"></paidtierbar-stub>
    <!---->
    <!---->
    <dashboardheader-stub></dashboardheader-stub>
    <div class="dashboard__wrap__main-area with-one-bar-old">
      <navigationarea-stub class="regular-navigation"></navigationarea-stub>
      <router-view-stub name="default" class="dashboard__wrap__main-area__content"></router-view-stub>
    </div>
  </div>
  <!---->
  <!---->
  <!---->
</div>
`;

exports[`Dashboard renders correctly when data is loading 1`] = `
<div class="dashboard">
  <div class="loading-overlay active">
    <loaderimage-stub class="loading-icon"></loaderimage-stub>
  </div>
  <!---->
  <!---->
  <!---->
  <!---->
</div>
`;
