// Jest Snapshot v1, https://goo.gl/fbAQLP

exports[`SortingHeader renders correctly 1`] = `
<div class="sort-header-container">
  <div class="sort-header-container__item">
    <p class="sort-header-container__item__name">CREDIT TYPE</p>
  </div>
  <div class="sort-header-container__item">
    <p class="sort-header-container__item__name">EXPIRATION</p>
  </div>
  <div class="sort-header-container__item">
    <p class="sort-header-container__item__name">EARNED AMOUNT</p>
  </div>
  <div class="sort-header-container__item available">
    <p class="sort-header-container__item__name">AVAILABLE</p>
  </div>
</div>
`;
