// Jest Snapshot v1, https://goo.gl/fbAQLP

exports[`BucketItem.vue renders correctly 1`] = `
<div class="container">
  <div title="name" class="container__header">
    <bucketicon-stub class="container__header__icon"></bucketicon-stub>
    <p class="container__header__name">name</p>
  </div>
  <div class="container__item">
    <div class="container__item__inner">
      <p class="container__item__inner__label">Storage</p>
      <p class="container__item__inner__value">1.00GB</p>
    </div>
    <div class="container__item__inner">
      <p class="container__item__inner__label">Bandwidth</p>
      <p class="container__item__inner__value">1.00GB</p>
    </div>
  </div>
  <div class="container__item">
    <div class="container__item__inner">
      <p class="container__item__inner__label">Objects</p>
      <p class="container__item__inner__value">1</p>
    </div>
    <div class="container__item__inner">
      <p class="container__item__inner__label">Segments</p>
      <p class="container__item__inner__value">1</p>
    </div>
  </div>
</div>
`;
