// Jest Snapshot v1, https://goo.gl/fbAQLP

exports[`NoBucketsArea.vue renders correctly 1`] = `
<div class="no-buckets-area"><img src="@/../static/images/buckets/bucket.png" alt="bucket image" class="no-buckets-area__image">
  <h2 class="no-buckets-area__message">Create your first bucket to get started.</h2> <a href="https://docs.storj.io/api-reference/uplink-cli" target="_blank" rel="noopener noreferrer" class="no-buckets-area__first-button">
    Get Started
  </a> <a href="https://docs.storj.io/" target="_blank" rel="noopener noreferrer" class="no-buckets-area__second-button">
    Visit the Docs
  </a>
</div>
`;
