// Jest Snapshot v1, https://goo.gl/fbAQLP

exports[`NoBucketsArea.vue renders correctly 1`] = `
<div class="no-buckets-area">
  <h1 class="no-buckets-area__title">Buckets Usage</h1>
  <div class="no-buckets-area__content-area"><img src="../../../../static/images/buckets/bucket.png" alt="bucket image" class="no-buckets-area__content-area__image">
    <h2 class="no-buckets-area__content-area__message">Create your first bucket to get started.</h2> <a href="https://documentation.tardigrade.io/api-reference/uplink-cli" target="_blank" class="no-buckets-area__content-area__first-button">
      Get Started
    </a> <a href="https://documentation.tardigrade.io/" target="_blank" class="no-buckets-area__content-area__second-button">
      Visit the Docs
    </a> <a href="https://support.tardigrade.io/hc/en-us/articles/360035332472-Why-can-t-I-upload-from-the-browser-" target="_blank" class="no-buckets-area__content-area__help">Why can't I upload from the browser?</a>
  </div>
</div>
`;
