// Jest Snapshot v1, https://goo.gl/fbAQLP

exports[`ApiKeysItem.vue renders correctly 1`] = `
<div class="apikey-item-container">
  <div class="apikey-item-container__common-info">
    <div class="checkbox-container">
      <!---->
    </div>
    <div class="avatar">
      <!---->
    </div>
    <p class="name"></p>
  </div>
  <p class="date"></p>
</div>
`;
