// Jest Snapshot v1, https://goo.gl/fbAQLP

exports[`SortingHeader.vue should render correctly 1`] = `
<div class="sort-header-container">
  <div class="sort-header-container__name-item">
    <p class="sort-header-container__name-item__title">Key Name</p>
    <div class="container">
      <!---->
      <!---->
    </div>
  </div>
  <div class="sort-header-container__date-item">
    <p class="sort-header-container__date-item__title">Created</p>
    <div class="container">
      <!---->
      <!---->
    </div>
  </div>
</div>
`;
