// Jest Snapshot v1, https://goo.gl/fbAQLP

exports[`BalanceArea renders correctly 1`] = `
<info-block-stub>
  <div class="balance-area">
    <header class="balance-area__header">
      <h3 class="balance-area__header__title">Balance</h3>
    </header>
    <div class="balance-area__content">
      <div class="balance-area__content__item">
        <p class="balance-area__content__item__label">Undistributed Payouts</p>
        <p class="balance-area__content__item__value">$10.00</p>
      </div>
      <div class="balance-area__content__item">
        <p class="balance-area__content__item__label">Current Month Estimated Earnings</p>
        <p class="balance-area__content__item__value">$660.00</p>
      </div>
    </div>
  </div>
</info-block-stub>
`;
