// Jest Snapshot v1, https://goo.gl/fbAQLP

exports[`HeldHistory renders correctly 1`] = `
<base-table-stub>
  <thead>
    <tr>
      <th class="align-left">SATELLITE</th>
      <th>MONTH 1-3</th>
      <th>MONTH 4-6</th>
      <th>MONTH 7-9</th>
    </tr>
  </thead>
  <tbody>
    <tr class="table-item">
      <th class="align-left">
        <p class="table-item__name">satelliteName</p>
        <p class="table-item__months">11 months</p>
      </th>
      <th>$0.10</th>
      <th>$0.20</th>
      <th>$0.30</th>
    </tr>
    <tr class="table-item">
      <th class="align-left">
        <p class="table-item__name">satelliteName</p>
        <p class="table-item__months">21 months</p>
      </th>
      <th>$0.20</th>
      <th>$0.30</th>
      <th>$0.40</th>
    </tr>
  </tbody>
</base-table-stub>
`;
