// Jest Snapshot v1, https://goo.gl/fbAQLP

exports[`PayoutsSummaryTable renders correctly 1`] = `
<base-table-stub>
  <thead>
    <tr>
      <th class="align-left">NODE</th>
      <th>HELD</th>
      <th>PAID</th>
      <th class="options"></th>
    </tr>
  </thead>
  <tbody>
    <payouts-summary-item-stub payoutssummary="[object Object]"></payouts-summary-item-stub>
    <payouts-summary-item-stub payoutssummary="[object Object]"></payouts-summary-item-stub>
  </tbody>
</base-table-stub>
`;
