// Jest Snapshot v1, https://goo.gl/fbAQLP

exports[`TabNavigation snapshot not changed 1`] = `
<div class="tab-navigation-container">
  <router-link-stub to="path1" tag="a" event="click" class="tab-navigation-container__item">
    <p class="tab-navigation-container__item__name">name1</p>
  </router-link-stub>
  <router-link-stub to="path2" tag="a" event="click" class="tab-navigation-container__item">
    <p class="tab-navigation-container__item__name">name2</p>
  </router-link-stub>
  <router-link-stub to="path3" tag="a" event="click" class="tab-navigation-container__item">
    <p class="tab-navigation-container__item__name">name3</p>
  </router-link-stub>
</div>
`;
