// Jest Snapshot v1, https://goo.gl/fbAQLP

exports[`AddStorjForm renders correctly 1`] = `
<div class="add-storj-area">
  <p class="add-storj-area__support-info">Please contact <a target="_blank" href="mailto:supportdcs@storj.io">supportdcs@storj.io</a> to deposit STORJ tokens into your account</p>
</div>
`;

exports[`AddStorjForm renders correctly after continue To Coin Payments click 1`] = `
<div class="add-storj-area">
  <p class="add-storj-area__support-info">Please contact <a target="_blank" href="mailto:supportdcs@storj.io">supportdcs@storj.io</a> to deposit STORJ tokens into your account</p>
</div>
`;
