// Jest Snapshot v1, https://goo.gl/fbAQLP

exports[`AccountDropdown renders correctly 1`] = `
<div class="account-dropdown">
  <div class="account-dropdown__wrap">
    <div class="account-dropdown__wrap__name-container">
      <p class="account-dropdown__wrap__name-container__name"></p>
    </div>
    <div class="account-dropdown__wrap__item-container">
      <p class="account-dropdown__wrap__item-container__title">Sign Out</p>
      <p class="account-dropdown__wrap__item-container__arrow">-&gt;</p>
    </div>
  </div>
</div>
`;
