// Jest Snapshot v1, https://goo.gl/fbAQLP

exports[`ProjectSelectionDropdown renders correctly 1`] = `
<div id="projectDropdown" class="project-selection-choice-container">
  <div class="project-selection-overflow-container">
    <div class="project-selection-overflow-container__project-choice">
      <div class="project-selection-overflow-container__project-choice__mark-container">
        <projectselectionicon-stub class="project-selection-overflow-container__project-choice__mark-container__image"></projectselectionicon-stub>
      </div>
      <p class="project-selection-overflow-container__project-choice__selected">
        testName1
      </p>
    </div>
    <div class="project-selection-overflow-container__project-choice">
      <p class="project-selection-overflow-container__project-choice__unselected">testName2</p>
    </div>
  </div>
</div>
`;
