// Jest Snapshot v1, https://goo.gl/fbAQLP

exports[`UsageArea.vue renders correctly 1`] = `
<div class="usage-area">
  <p class="usage-area__title">test Title</p> <pre class="usage-area__remaining">500.00MB Remaining</pre>
  <vbar-stub current="500000000" max="1000000000" color="#0068DC"></vbar-stub>
  <div class="usage-area__limits-area"><pre class="usage-area__limits-area__title">test Title Used</pre> <pre class="usage-area__limits-area__limits">500.00MB / 1.00GB</pre>
  </div>
</div>
`;

exports[`UsageArea.vue renders correctly if used > limit 1`] = `
<div class="usage-area">
  <p class="usage-area__title">test Title</p> <pre class="usage-area__remaining">0 Bytes Remaining</pre>
  <vbar-stub current="1000000000" max="500000000" color="#0068DC"></vbar-stub>
  <div class="usage-area__limits-area"><pre class="usage-area__limits-area__title">test Title Used</pre> <pre class="usage-area__limits-area__limits">1.00GB / 500.00MB</pre>
  </div>
</div>
`;
