// Jest Snapshot v1, https://goo.gl/fbAQLP

exports[`PayoutsByNode renders correctly 1`] = `
<div class="payouts-by-node">
  <div class="payouts-by-node__top-area">
    <div class="payouts-by-node__top-area__left-area">
      <div class="payouts-by-node__top-area__left-area__title-area">
        <div class="payouts-by-node__top-area__left-area__title-area__arrow"><svg width="24" height="24" viewBox="0 0 24 24" fill="none" xmlns="http://www.w3.org/2000/svg">
            <path fill-rule="evenodd" clip-rule="evenodd" d="M13.3398 0.554956C14.0797 1.2949 14.0797 2.49458 13.3398 3.23452L6.46904 10.1053H22.1053C23.1517 10.1053 24 10.9536 24 12C24 13.0464 23.1517 13.8947 22.1053 13.8947H6.46904L13.3398 20.7655C14.0797 21.5054 14.0797 22.7051 13.3398 23.445C12.5998 24.185 11.4002 24.185 10.6602 23.445L0.554956 13.3398C-0.184985 12.5998 -0.184985 11.4002 0.554956 10.6602L10.6602 0.554956C11.4002 -0.184985 12.5998 -0.184985 13.3398 0.554956Z" fill="currentColor"></path>
          </svg></div>
        <h1 class="payouts-by-node__top-area__left-area__title-area__title">1</h1>
      </div>
    </div>
    <info-block-stub>
      <div class="payouts-by-node__top-area__balance">
        <div class="payouts-by-node__top-area__balance__item">
          <h3 class="payouts-by-node__top-area__balance__item__label">Undistributed Balance</h3>
          <h2 class="payouts-by-node__top-area__balance__item__value">$0.00</h2>
        </div>
        <div class="payouts-by-node__top-area__balance__divider"></div>
        <div class="payouts-by-node__top-area__balance__item">
          <h3 class="payouts-by-node__top-area__balance__item__label">Estimated Earnings (Apr)</h3>
          <h2 class="payouts-by-node__top-area__balance__item__value">$0.00</h2>
        </div>
      </div>
    </info-block-stub>
  </div>
  <div class="payouts-by-node__content-area">
    <div class="payouts-by-node__content-area__dropdowns">
      <satellite-selection-dropdown-stub></satellite-selection-dropdown-stub>
      <payout-period-calendar-button-stub period="All time"></payout-period-calendar-button-stub>
    </div>
    <section class="payouts-by-node__content-area__main-info">
      <payouts-by-node-table-stub paystub="[object Object]" class="payouts-by-node__content-area__main-info__table"></payouts-by-node-table-stub>
      <div class="payouts-by-node__content-area__main-info__totals-area">
        <info-block-stub>
          <div class="payouts-by-node__content-area__main-info__totals-area__item">
            <p class="payouts-by-node__content-area__main-info__totals-area__item__label">TOTAL PAID</p>
            <p class="payouts-by-node__content-area__main-info__totals-area__item__value">$0.00</p>
          </div>
        </info-block-stub>
        <info-block-stub>
          <div class="payouts-by-node__content-area__main-info__totals-area__item">
            <p class="payouts-by-node__content-area__main-info__totals-area__item__label">TOTAL HELD</p>
            <p class="payouts-by-node__content-area__main-info__totals-area__item__value">$0.00</p>
          </div>
        </info-block-stub>
        <info-block-stub>
          <div class="payouts-by-node__content-area__main-info__totals-area__item">
            <p class="payouts-by-node__content-area__main-info__totals-area__item__label">TOTAL EARNED</p>
            <p class="payouts-by-node__content-area__main-info__totals-area__item__value">$0.00</p>
          </div>
        </info-block-stub>
        <info-block-stub class="information">
          <div class="payouts-by-node__content-area__main-info__totals-area__information">
            <h3 class="payouts-by-node__content-area__main-info__totals-area__information__title">Minimal threshold &amp; distributed payout system</h3>
            <p class="payouts-by-node__content-area__main-info__totals-area__information__description">Short description how minimal threshold system works.</p> <a href="https://forum.storj.io/t/minimum-threshold-for-storage-node-operator-payouts/11064" class="payouts-by-node__content-area__main-info__totals-area__information__link">
              Learn more
            </a>
          </div>
        </info-block-stub>
      </div>
    </section>
  </div>
  <section class="payouts-by-node__held-history">
    <h2 class="payouts-by-node__held-history__title">Held Amount History</h2>
    <held-history-stub heldhistory=""></held-history-stub>
  </section>
</div>
`;
