// Jest Snapshot v1, https://goo.gl/fbAQLP

exports[`VerticalArrows.vue should render with bottom arrow highlighted 1`] = `
<div class="container">
  <!---->
  <!---->
</div>
`;

exports[`VerticalArrows.vue should render with top arrow highlighted 1`] = `
<div class="container">
  <!---->
  <!---->
</div>
`;

exports[`VerticalArrows.vue should render without any highlighted arrows 1`] = `
<div class="container">
  <!---->
  <!---->
</div>
`;
